# fdisk


可以显示硬盘和分区信息，

```
(base) ➜  ~ fdisk --help\
Usage:
 fdisk [options] <disk>      change partition table
 fdisk [options] -l [<disk>] list partition table(s)

Display or manipulate a disk partition table.

Options:
 -b, --sector-size <size>      physical and logical sector size
 -B, --protect-boot            don't erase bootbits when creating a new label
 -c, --compatibility[=<mode>]  mode is 'dos' or 'nondos' (default)
 -L, --color[=<when>]          colorize output (auto, always or never)
                                 colors are enabled by default
 -l, --list                    display partitions and exit
 -o, --output <list>           output columns
 -t, --type <type>             recognize specified partition table type only
 -u, --units[=<unit>]          display units: 'cylinders' or 'sectors' (default)
 -s, --getsz                   display device size in 512-byte sectors [DEPRECATED]
     --bytes                   print SIZE in bytes rather than in human readable format
 -w, --wipe <mode>             wipe signatures (auto, always or never)
 -W, --wipe-partitions <mode>  wipe signatures from new partitions (auto, always or never)

 -C, --cylinders <number>      specify the number of cylinders
 -H, --heads <number>          specify the number of heads
 -S, --sectors <number>        specify the number of sectors per track

 -h, --help                    display this help
 -V, --version                 display version

Available output columns:
 gpt: Device Start End Sectors Size Type Type-UUID Attrs Name UUID
 dos: Device Start End Sectors Cylinders Size Type Id Attrs Boot End-C/H/S Start-C/H/S
 bsd: Slice Start End Sectors Cylinders Size Type Bsize Cpg Fsize
 sgi: Device Start End Sectors Cylinders Size Type Id Attrs
 sun: Device Start End Sectors Cylinders Size Type Id Flags

For more details see fdisk(8).
```

## demo




```
(base) ➜  ~ sudo fdisk -l

[sudo] password for zal:
Disk /dev/loop0: 2.2 MiB, 2273280 bytes, 4440 sectors
Units: sectors of 1 * 512 = 512 bytes
Sector size (logical/physical): 512 bytes / 512 bytes
I/O size (minimum/optimal): 512 bytes / 512 bytes


Disk /dev/loop1: 140.7 MiB, 147488768 bytes, 288064 sectors
Units: sectors of 1 * 512 = 512 bytes
Sector size (logical/physical): 512 bytes / 512 bytes
I/O size (minimum/optimal): 512 bytes / 512 bytes


Disk /dev/loop2: 99.2 MiB, 103964672 bytes, 203056 sectors
Units: sectors of 1 * 512 = 512 bytes
Sector size (logical/physical): 512 bytes / 512 bytes
I/O size (minimum/optimal): 512 bytes / 512 bytes


Disk /dev/loop3: 219 MiB, 229629952 bytes, 448496 sectors
Units: sectors of 1 * 512 = 512 bytes
Sector size (logical/physical): 512 bytes / 512 bytes
I/O size (minimum/optimal): 512 bytes / 512 bytes


Disk /dev/loop4: 64.8 MiB, 67915776 bytes, 132648 sectors
Units: sectors of 1 * 512 = 512 bytes
Sector size (logical/physical): 512 bytes / 512 bytes
I/O size (minimum/optimal): 512 bytes / 512 bytes


Disk /dev/loop5: 162.9 MiB, 170778624 bytes, 333552 sectors
Units: sectors of 1 * 512 = 512 bytes
Sector size (logical/physical): 512 bytes / 512 bytes
I/O size (minimum/optimal): 512 bytes / 512 bytes


Disk /dev/loop6: 2.2 MiB, 2342912 bytes, 4576 sectors
Units: sectors of 1 * 512 = 512 bytes
Sector size (logical/physical): 512 bytes / 512 bytes
I/O size (minimum/optimal): 512 bytes / 512 bytes


Disk /dev/loop7: 276 KiB, 282624 bytes, 552 sectors
Units: sectors of 1 * 512 = 512 bytes
Sector size (logical/physical): 512 bytes / 512 bytes
I/O size (minimum/optimal): 512 bytes / 512 bytes


Disk /dev/nvme0n1: 232.9 GiB, 250059350016 bytes, 488397168 sectors
Units: sectors of 1 * 512 = 512 bytes
Sector size (logical/physical): 512 bytes / 512 bytes
I/O size (minimum/optimal): 512 bytes / 512 bytes
Disklabel type: dos
Disk identifier: 0x7d21684e

Device         Boot     Start       End   Sectors   Size Id Type
/dev/nvme0n1p1 *         2048 373053439 373051392 177.9G  7 HPFS/NTFS/exFAT
/dev/nvme0n1p2      373055486 488396799 115341314    55G  5 Extended
/dev/nvme0n1p5      373055488 377053183   3997696   1.9G 83 Linux
/dev/nvme0n1p6      377055232 409053183  31997952  15.3G 82 Linux swap / Solaris
/dev/nvme0n1p7      409055232 488396799  79341568  37.9G 83 Linux


Disk /dev/sda: 931.5 GiB, 1000204886016 bytes, 1953525168 sectors
Units: sectors of 1 * 512 = 512 bytes
Sector size (logical/physical): 512 bytes / 512 bytes
I/O size (minimum/optimal): 512 bytes / 512 bytes
Disklabel type: dos
Disk identifier: 0x697acb8d

Device     Boot Start        End    Sectors   Size Id Type
/dev/sda1        2048 1953521663 1953519616 931.5G  7 HPFS/NTFS/exFAT


Disk /dev/sdb: 931.5 GiB, 1000204886016 bytes, 1953525168 sectors
Units: sectors of 1 * 512 = 512 bytes
Sector size (logical/physical): 512 bytes / 4096 bytes
I/O size (minimum/optimal): 4096 bytes / 4096 bytes
Disklabel type: dos
Disk identifier: 0x9b640c0a

Device     Boot     Start        End   Sectors   Size Id Type
/dev/sdb1  *         4094  976996800 976992707 465.9G  f W95 Ext'd (LBA)
/dev/sdb2       976998400 1953523711 976525312 465.7G 83 Linux
/dev/sdb5            4096  976996800 976992705 465.9G  7 HPFS/NTFS/exFAT

Partition 1 does not start on physical sector boundary.
Partition table entries are not in disk order.


Disk /dev/loop8: 2.5 MiB, 2600960 bytes, 5080 sectors
Units: sectors of 1 * 512 = 512 bytes
Sector size (logical/physical): 512 bytes / 512 bytes
I/O size (minimum/optimal): 512 bytes / 512 bytes


Disk /dev/loop9: 55.5 MiB, 58142720 bytes, 113560 sectors
Units: sectors of 1 * 512 = 512 bytes
Sector size (logical/physical): 512 bytes / 512 bytes
I/O size (minimum/optimal): 512 bytes / 512 bytes


Disk /dev/loop10: 273.9 MiB, 287211520 bytes, 560960 sectors
Units: sectors of 1 * 512 = 512 bytes
Sector size (logical/physical): 512 bytes / 512 bytes
I/O size (minimum/optimal): 512 bytes / 512 bytes


Disk /dev/loop11: 140.7 MiB, 147492864 bytes, 288072 sectors
Units: sectors of 1 * 512 = 512 bytes
Sector size (logical/physical): 512 bytes / 512 bytes
I/O size (minimum/optimal): 512 bytes / 512 bytes


Disk /dev/loop12: 276 KiB, 282624 bytes, 552 sectors
Units: sectors of 1 * 512 = 512 bytes
Sector size (logical/physical): 512 bytes / 512 bytes
I/O size (minimum/optimal): 512 bytes / 512 bytes


Disk /dev/loop13: 217.9 MiB, 228478976 bytes, 446248 sectors
Units: sectors of 1 * 512 = 512 bytes
Sector size (logical/physical): 512 bytes / 512 bytes
I/O size (minimum/optimal): 512 bytes / 512 bytes


Disk /dev/loop14: 548 KiB, 561152 bytes, 1096 sectors
Units: sectors of 1 * 512 = 512 bytes
Sector size (logical/physical): 512 bytes / 512 bytes
I/O size (minimum/optimal): 512 bytes / 512 bytes


Disk /dev/loop15: 161.4 MiB, 169254912 bytes, 330576 sectors
Units: sectors of 1 * 512 = 512 bytes
Sector size (logical/physical): 512 bytes / 512 bytes
I/O size (minimum/optimal): 512 bytes / 512 bytes


Disk /dev/loop16: 2.5 MiB, 2605056 bytes, 5088 sectors
Units: sectors of 1 * 512 = 512 bytes
Sector size (logical/physical): 512 bytes / 512 bytes
I/O size (minimum/optimal): 512 bytes / 512 bytes


Disk /dev/loop17: 956 KiB, 978944 bytes, 1912 sectors
Units: sectors of 1 * 512 = 512 bytes
Sector size (logical/physical): 512 bytes / 512 bytes
I/O size (minimum/optimal): 512 bytes / 512 bytes


Disk /dev/loop18: 65.1 MiB, 68259840 bytes, 133320 sectors
Units: sectors of 1 * 512 = 512 bytes
Sector size (logical/physical): 512 bytes / 512 bytes
I/O size (minimum/optimal): 512 bytes / 512 bytes


Disk /dev/loop19: 55.4 MiB, 58114048 bytes, 113504 sectors
Units: sectors of 1 * 512 = 512 bytes
Sector size (logical/physical): 512 bytes / 512 bytes
I/O size (minimum/optimal): 512 bytes / 512 bytes


Disk /dev/loop21: 99 MiB, 103772160 bytes, 202680 sectors
Units: sectors of 1 * 512 = 512 bytes
Sector size (logical/physical): 512 bytes / 512 bytes
I/O size (minimum/optimal): 512 bytes / 512 bytes


Disk /dev/sdc: 28.8 GiB, 30943995904 bytes, 60437492 sectors
Units: sectors of 1 * 512 = 512 bytes
Sector size (logical/physical): 512 bytes / 512 bytes
I/O size (minimum/optimal): 512 bytes / 512 bytes
Disklabel type: dos
Disk identifier: 0xcad4ebea

Device     Boot Start      End  Sectors  Size Id Type
/dev/sdc4  *      256 60437491 60437236 28.8G  c W95 FAT32 (LBA)
```

统计结果：
Disk /dev/nvme0n1: 232.9 GiB, 250059350016 bytes, 488397168 sectors
Disk /dev/sda: 931.5 GiB, 1000204886016 bytes, 1953525168 sectors
Disk /dev/sdb: 931.5 GiB, 1000204886016 bytes, 1953525168 sectors
Disk /dev/sdc: 28.8 GiB, 30943995904 bytes, 60437492 sectors